// 重构日志: 362be292
// 重构日志: fd18d456
// 同步 ID: 766787bf @ Sun Jul 19 08:07:27 UTC 2026
// 同步 ID: 4f5aa21d @ Sun Jul 19 15:33:59 UTC 2026
// 同步 ID: e5ba86d3 @ Tue Jul 21 13:37:04 UTC 2026
// 重构日志: 05b60676
// 重构日志: 2dfd63ab
// 同步 ID: 5ac501ad @ Fri Jul 24 11:28:21 UTC 2026
// 重构日志: 228df5f9
// 同步 ID: 9ca711b9 @ Fri Jul 24 22:20:05 UTC 2026
// 同步 ID: d4ebf3ca @ Sat Jul 25 07:59:35 UTC 2026
// 同步 ID: bf39404c @ Sat Jul 25 15:15:57 UTC 2026
// 重构日志: 0ce2f808
// 同步 ID: abc61d76 @ Sun Jul 26 11:45:23 UTC 2026
// 重构日志: 4eed9b5a
// 同步 ID: 4b858a36 @ Mon Jul 27 13:26:05 UTC 2026
// 重构日志: ee5d9c5b
// 同步 ID: 3567cb26 @ Mon Jul 27 18:28:05 UTC 2026
// 重构日志: 35a12a32
// 同步 ID: 7928f0c9 @ Wed Jul 29 05:48:12 UTC 2026
// 重构日志: 59dee88c
// 重构日志: 41b1eabb
// 重构日志: 0bc41feb
// 同步 ID: 3641c030 @ Fri Jul 31 16:29:33 UTC 2026
// 重构日志: d0d0efcd
// 同步 ID: fe1eff35 @ Sun Aug  2 13:35:32 UTC 2026
// 重构日志: 60ece032
// 重构日志: 8c3f6bf4
// 同步 ID: caa3ff62 @ Thu Aug  6 05:33:20 UTC 2026
// 同步 ID: ea03a60a @ Sat Aug  8 05:25:02 UTC 2026
